// Jest Snapshot v1, https://goo.gl/fbAQLP

exports[`Pruebas en <GifImage /> debe de hacer match con el snapshot 1`] = `
<div>
  <img
    alt="Saitama"
    class="img-fluid"
    src="https://one-punch.com/saitama.jpg"
  />
  <p>
    Saitama
  </p>
</div>
`;
